mobile/src/components/AppHeader.tsx(65,38): error TS2339: Property 'updatedAt' does not exist on type 'Organization'.
mobile/src/components/AppHeader.tsx(66,31): error TS2339: Property 'updatedAt' does not exist on type 'Organization'.
mobile/src/components/inspections/FieldWidget.tsx(97,49): error TS2339: Property 'toLowerCase' does not exist on type 'never'.
mobile/src/components/inspections/FieldWidget.tsx(102,65): error TS2339: Property 'toLowerCase' does not exist on type 'never'.
mobile/src/components/inspections/FieldWidget.tsx(107,69): error TS2339: Property 'toLowerCase' does not exist on type 'never'.
mobile/src/components/inspections/FieldWidget.tsx(380,51): error TS2345: Argument of type '{ entry_id: string; inspection_id: string; local_path: string; upload_status: "pending"; file_size: number; mime_type: string; }' is not assignable to parameter of type 'Omit<LocalInspectionPhoto, "id" | "created_at"> & { id?: string | undefined; }'.
  Type '{ entry_id: string; inspection_id: string; local_path: string; upload_status: "pending"; file_size: number; mime_type: string; }' is missing the following properties from type 'Omit<LocalInspectionPhoto, "id" | "created_at">': server_url, uploaded_at
mobile/src/components/inspections/FieldWidget.tsx(1382,35): error TS2339: Property 'light' does not exist on type '{ DEFAULT: string; foreground: string; border: string; }'.
mobile/src/components/ui/DatePicker.tsx(473,13): error TS7053: Element implicitly has an 'any' type because expression of type '0.5' can't be used to index type '{ 0: number; 1: number; 2: number; 3: number; 4: number; 5: number; 6: number; 8: number; 10: number; 12: number; 16: number; 20: number; 24: number; xs: number; sm: number; md: number; lg: number; xl: number; '2xl': number; '3xl': number; }'.
  Property '0.5' does not exist on type '{ 0: number; 1: number; 2: number; 3: number; 4: number; 5: number; 6: number; 8: number; 10: number; 12: number; 16: number; 20: number; 24: number; xs: number; sm: number; md: number; lg: number; xl: number; '2xl': number; '3xl': number; }'.
mobile/src/components/ui/Progress.tsx(27,13): error TS2769: No overload matches this call.
  Overload 1 of 2, '(props: ViewProps): View', gave the following error.
    Type '{ width: string; height: number; }' is not assignable to type 'ViewStyle | Falsy | RegisteredStyle<ViewStyle> | RecursiveArray<ViewStyle | Falsy | RegisteredStyle<ViewStyle>> | readonly (ViewStyle | ... 1 more ... | RegisteredStyle<...>)[]'.
      Types of property 'width' are incompatible.
        Type 'string' is not assignable to type 'DimensionValue | undefined'.
  Overload 2 of 2, '(props: ViewProps, context: any): View', gave the following error.
    Type '{ width: string; height: number; }' is not assignable to type 'ViewStyle | Falsy | RegisteredStyle<ViewStyle> | RecursiveArray<ViewStyle | Falsy | RegisteredStyle<ViewStyle>> | readonly (ViewStyle | ... 1 more ... | RegisteredStyle<...>)[]'.
      Types of property 'width' are incompatible.
        Type 'string' is not assignable to type 'DimensionValue | undefined'.
mobile/src/screens/assets/AssetInventoryListScreen.tsx(563,32): error TS2339: Property 'filterLabel' does not exist on type '{ container: { flex: number; }; fixedHeader: { paddingHorizontal: number; paddingBottom: number; borderBottomWidth: number; borderBottomColor: string; zIndex: number; }; scrollView: { flex: number; }; ... 62 more ...; pickerItemText: { ...; }; }'.
mobile/src/screens/assets/AssetInventoryListScreen.tsx(1343,113): error TS2339: Property 'address' does not exist on type 'Property | { id: string; name: string; }'.
  Property 'address' does not exist on type '{ id: string; name: string; }'.
mobile/src/screens/inspections/InspectionCaptureScreen.tsx(1254,17): error TS2322: Type '({ margin: number; marginBottom: number; borderWidth: number; borderRadius: number; padding: number; } | { backgroundColor: string; borderColor: string; })[]' is not assignable to type 'ViewStyle'.
  Types of property 'filter' are incompatible.
    Type '{ <S extends { margin: number; marginBottom: number; borderWidth: number; borderRadius: number; padding: number; } | { backgroundColor: string; borderColor: string; }>(predicate: (value: { margin: number; marginBottom: number; borderWidth: number; borderRadius: number; padding: number; } | { ...; }, index: number, a...' is not assignable to type 'string | readonly FilterFunction[] | undefined'.
mobile/src/screens/inspections/InspectionCaptureScreen.tsx(1280,17): error TS2322: Type '({ margin: number; marginBottom: number; borderWidth: number; borderRadius: number; padding: number; } | { backgroundColor: string; borderColor: string; })[]' is not assignable to type 'ViewStyle'.
  Types of property 'filter' are incompatible.
    Type '{ <S extends { margin: number; marginBottom: number; borderWidth: number; borderRadius: number; padding: number; } | { backgroundColor: string; borderColor: string; }>(predicate: (value: { margin: number; marginBottom: number; borderWidth: number; borderRadius: number; padding: number; } | { ...; }, index: number, a...' is not assignable to type 'string | readonly FilterFunction[] | undefined'.
mobile/src/screens/inspections/InspectionCaptureScreen.tsx(1301,17): error TS2322: Type '({ margin: number; marginBottom: number; borderWidth: number; borderRadius: number; padding: number; } | { backgroundColor: string; borderColor: string; })[]' is not assignable to type 'ViewStyle'.
  Types of property 'filter' are incompatible.
    Type '{ <S extends { margin: number; marginBottom: number; borderWidth: number; borderRadius: number; padding: number; } | { backgroundColor: string; borderColor: string; }>(predicate: (value: { margin: number; marginBottom: number; borderWidth: number; borderRadius: number; padding: number; } | { ...; }, index: number, a...' is not assignable to type 'string | readonly FilterFunction[] | undefined'.
mobile/src/screens/inspections/InspectionCaptureScreen.tsx(1321,17): error TS2322: Type '({ margin: number; marginBottom: number; borderWidth: number; borderRadius: number; padding: number; } | { backgroundColor: string; borderColor: string; })[]' is not assignable to type 'ViewStyle'.
  Types of property 'filter' are incompatible.
    Type '{ <S extends { margin: number; marginBottom: number; borderWidth: number; borderRadius: number; padding: number; } | { backgroundColor: string; borderColor: string; }>(predicate: (value: { margin: number; marginBottom: number; borderWidth: number; borderRadius: number; padding: number; } | { ...; }, index: number, a...' is not assignable to type 'string | readonly FilterFunction[] | undefined'.
mobile/src/screens/inspections/InspectionCaptureScreen.tsx(1366,17): error TS2322: Type '({ padding: number; marginBottom: number; borderWidth: number; borderRadius: number; } | { backgroundColor: string; borderColor: string; })[]' is not assignable to type 'ViewStyle'.
  Types of property 'filter' are incompatible.
    Type '{ <S extends { padding: number; marginBottom: number; borderWidth: number; borderRadius: number; } | { backgroundColor: string; borderColor: string; }>(predicate: (value: { padding: number; marginBottom: number; borderWidth: number; borderRadius: number; } | { ...; }, index: number, array: ({ ...; } | { ...; })[]) =...' is not assignable to type 'string | readonly FilterFunction[] | undefined'.
mobile/src/screens/inspections/InspectionCaptureScreen.tsx(1391,17): error TS2322: Type '({ marginBottom: number; borderWidth: number; } | { backgroundColor: string; borderColor: string; })[]' is not assignable to type 'ViewStyle'.
  Types of property 'filter' are incompatible.
    Type '{ <S extends { marginBottom: number; borderWidth: number; } | { backgroundColor: string; borderColor: string; }>(predicate: (value: { marginBottom: number; borderWidth: number; } | { backgroundColor: string; borderColor: string; }, index: number, array: ({ ...; } | { ...; })[]) => value is S, thisArg?: any): S[]; (p...' is not assignable to type 'string | readonly FilterFunction[] | undefined'.
mobile/src/screens/inspections/InspectionCaptureScreen.tsx(1408,17): error TS2322: Type '({ margin: number; padding: number; borderWidth: number; borderRadius: number; } | { backgroundColor: string; borderColor: string; })[]' is not assignable to type 'ViewStyle'.
  Types of property 'filter' are incompatible.
    Type '{ <S extends { margin: number; padding: number; borderWidth: number; borderRadius: number; } | { backgroundColor: string; borderColor: string; }>(predicate: (value: { margin: number; padding: number; borderWidth: number; borderRadius: number; } | { ...; }, index: number, array: ({ ...; } | { ...; })[]) => value is S...' is not assignable to type 'string | readonly FilterFunction[] | undefined'.
mobile/src/screens/inspections/InspectionCaptureScreen.tsx(1528,52): error TS2322: Type '({} | { backgroundColor: string; borderColor: string; })[]' is not assignable to type 'ViewStyle'.
  Types of property 'filter' are incompatible.
    Type '{ <S extends {} | { backgroundColor: string; borderColor: string; }>(predicate: (value: {} | { backgroundColor: string; borderColor: string; }, index: number, array: ({} | { backgroundColor: string; borderColor: string; })[]) => value is S, thisArg?: any): S[]; (predicate: (value: {} | { ...; }, index: number, array...' is not assignable to type 'string | readonly FilterFunction[] | undefined'.
mobile/src/screens/inspections/InspectionCaptureScreen.tsx(1550,19): error TS2322: Type '({ width: "100%"; paddingVertical: number; minHeight: number; } | { backgroundColor: string; borderColor: string; })[]' is not assignable to type 'ViewStyle'.
  Types of property 'filter' are incompatible.
    Type '{ <S extends { width: "100%"; paddingVertical: number; minHeight: number; } | { backgroundColor: string; borderColor: string; }>(predicate: (value: { width: "100%"; paddingVertical: number; minHeight: number; } | { backgroundColor: string; borderColor: string; }, index: number, array: ({ ...; } | { ...; })[]) => val...' is not assignable to type 'string | readonly FilterFunction[] | undefined'.
mobile/src/screens/inspections/InspectionCaptureScreen.tsx(1669,23): error TS2322: Type '({ shadowColor: string; shadowOffset: { width: number; height: number; }; shadowOpacity: number; shadowRadius: number; elevation: number; marginBottom: number; marginTop: number; borderWidth: number; borderRadius: number; padding: number; } | { ...; })[]' is not assignable to type 'ViewStyle'.
  Types of property 'filter' are incompatible.
    Type '{ <S extends { shadowColor: string; shadowOffset: { width: number; height: number; }; shadowOpacity: number; shadowRadius: number; elevation: number; marginBottom: number; marginTop: number; borderWidth: number; borderRadius: number; padding: number; } | { ...; }>(predicate: (value: { ...; } | { ...; }, index: numbe...' is not assignable to type 'string | readonly FilterFunction[] | undefined'.
mobile/src/screens/inspections/InspectionReportScreen.tsx(400,89): error TS7006: Parameter 'l' implicitly has an 'any' type.
mobile/src/screens/inspections/InspectionReportScreen.tsx(995,14): error TS7053: Element implicitly has an 'any' type because expression of type '0.5' can't be used to index type '{ 0: number; 1: number; 2: number; 3: number; 4: number; 5: number; 6: number; 8: number; 10: number; 12: number; 16: number; 20: number; 24: number; xs: number; sm: number; md: number; lg: number; xl: number; '2xl': number; '3xl': number; }'.
  Property '0.5' does not exist on type '{ 0: number; 1: number; 2: number; 3: number; 4: number; 5: number; 6: number; 8: number; 10: number; 12: number; 16: number; 20: number; 24: number; xs: number; sm: number; md: number; lg: number; xl: number; '2xl': number; '3xl': number; }'.
mobile/src/screens/inspections/InspectionReportScreen.tsx(1017,14): error TS7053: Element implicitly has an 'any' type because expression of type '0.5' can't be used to index type '{ 0: number; 1: number; 2: number; 3: number; 4: number; 5: number; 6: number; 8: number; 10: number; 12: number; 16: number; 20: number; 24: number; xs: number; sm: number; md: number; lg: number; xl: number; '2xl': number; '3xl': number; }'.
  Property '0.5' does not exist on type '{ 0: number; 1: number; 2: number; 3: number; 4: number; 5: number; 6: number; 8: number; 10: number; 12: number; 16: number; 20: number; 24: number; xs: number; sm: number; md: number; lg: number; xl: number; '2xl': number; '3xl': number; }'.
mobile/src/screens/inspections/InspectionReviewScreen.tsx(62,42): error TS2551: Property 'clerkId' does not exist on type 'InspectionDetail'. Did you mean 'clerk'?
mobile/src/screens/inspections/InspectionReviewScreen.tsx(63,73): error TS2551: Property 'clerkId' does not exist on type 'InspectionDetail'. Did you mean 'clerk'?
mobile/src/screens/inspections/InspectionReviewScreen.tsx(64,28): error TS2551: Property 'clerkId' does not exist on type 'InspectionDetail'. Did you mean 'clerk'?
mobile/src/screens/inspections/InspectionReviewScreen.tsx(248,27): error TS2339: Property 'completedDate' does not exist on type 'InspectionDetail'.
mobile/src/screens/inspections/InspectionReviewScreen.tsx(252,60): error TS2339: Property 'completedDate' does not exist on type 'InspectionDetail'.
mobile/src/screens/maintenance/CreateMaintenanceScreen.tsx(103,18): error TS2345: Argument of type '""' is not assignable to parameter of type 'SetStateAction<Date | null>'.
mobile/src/screens/maintenance/CreateMaintenanceScreen.tsx(539,19): error TS2322: Type '({ shadowColor: string; shadowOffset: { width: number; height: number; }; shadowOpacity: number; shadowRadius: number; elevation: number; padding: number; marginBottom: number; } | { backgroundColor: string; })[]' is not assignable to type 'ViewStyle'.
  Types of property 'filter' are incompatible.
    Type '{ <S extends { shadowColor: string; shadowOffset: { width: number; height: number; }; shadowOpacity: number; shadowRadius: number; elevation: number; padding: number; marginBottom: number; } | { backgroundColor: string; }>(predicate: (value: { ...; } | { ...; }, index: number, array: ({ ...; } | { ...; })[]) => valu...' is not assignable to type 'string | readonly FilterFunction[] | undefined'.
mobile/src/screens/maintenance/CreateMaintenanceScreen.tsx(598,19): error TS2322: Type '({ shadowColor: string; shadowOffset: { width: number; height: number; }; shadowOpacity: number; shadowRadius: number; elevation: number; padding: number; marginBottom: number; } | { backgroundColor: string; })[]' is not assignable to type 'ViewStyle'.
  Types of property 'filter' are incompatible.
    Type '{ <S extends { shadowColor: string; shadowOffset: { width: number; height: number; }; shadowOpacity: number; shadowRadius: number; elevation: number; padding: number; marginBottom: number; } | { backgroundColor: string; }>(predicate: (value: { ...; } | { ...; }, index: number, array: ({ ...; } | { ...; })[]) => valu...' is not assignable to type 'string | readonly FilterFunction[] | undefined'.
mobile/src/screens/maintenance/CreateMaintenanceScreen.tsx(663,19): error TS2322: Type '({ shadowColor: string; shadowOffset: { width: number; height: number; }; shadowOpacity: number; shadowRadius: number; elevation: number; padding: number; marginBottom: number; } | { backgroundColor: string; })[]' is not assignable to type 'ViewStyle'.
  Types of property 'filter' are incompatible.
    Type '{ <S extends { shadowColor: string; shadowOffset: { width: number; height: number; }; shadowOpacity: number; shadowRadius: number; elevation: number; padding: number; marginBottom: number; } | { backgroundColor: string; }>(predicate: (value: { ...; } | { ...; }, index: number, array: ({ ...; } | { ...; })[]) => valu...' is not assignable to type 'string | readonly FilterFunction[] | undefined'.
mobile/src/screens/maintenance/CreateMaintenanceScreen.tsx(850,15): error TS2322: Type '({ shadowColor: string; shadowOffset: { width: number; height: number; }; shadowOpacity: number; shadowRadius: number; elevation: number; padding: number; marginBottom: number; } | { backgroundColor: string; })[]' is not assignable to type 'ViewStyle'.
  Types of property 'filter' are incompatible.
    Type '{ <S extends { shadowColor: string; shadowOffset: { width: number; height: number; }; shadowOpacity: number; shadowRadius: number; elevation: number; padding: number; marginBottom: number; } | { backgroundColor: string; }>(predicate: (value: { ...; } | { ...; }, index: number, array: ({ ...; } | { ...; })[]) => valu...' is not assignable to type 'string | readonly FilterFunction[] | undefined'.
mobile/src/screens/maintenance/CreateMaintenanceScreen.tsx(1011,21): error TS2322: Type '({ padding: number; borderWidth: number; borderRadius: number; marginTop: number; } | { backgroundColor: string; borderColor: string; })[]' is not assignable to type 'ViewStyle'.
  Types of property 'filter' are incompatible.
    Type '{ <S extends { padding: number; borderWidth: number; borderRadius: number; marginTop: number; } | { backgroundColor: string; borderColor: string; }>(predicate: (value: { padding: number; borderWidth: number; borderRadius: number; marginTop: number; } | { ...; }, index: number, array: ({ ...; } | { ...; })[]) => valu...' is not assignable to type 'string | readonly FilterFunction[] | undefined'.
mobile/src/screens/maintenance/MaintenanceListScreen.tsx(194,29): error TS2551: Property 'block' does not exist on type 'MaintenanceRequestWithDetails'. Did you mean 'blockId'?
mobile/src/screens/maintenance/MaintenanceListScreen.tsx(230,41): error TS2551: Property 'reportedBy' does not exist on type 'MaintenanceRequestWithDetails'. Did you mean 'reportedById'?
mobile/src/screens/maintenance/MaintenanceListScreen.tsx(381,22): error TS2551: Property 'assignedTo' does not exist on type 'MaintenanceRequestWithDetails'. Did you mean 'assignedToId'?
mobile/src/screens/maintenance/MaintenanceListScreen.tsx(389,40): error TS2339: Property 'firstName' does not exist on type 'never'.
mobile/src/screens/maintenance/MaintenanceListScreen.tsx(389,59): error TS2339: Property 'lastName' does not exist on type 'never'.
mobile/src/screens/maintenance/MaintenanceListScreen.tsx(393,45): error TS2339: Property 'id' does not exist on type 'never'.
mobile/src/screens/maintenance/MaintenanceListScreen.tsx(395,53): error TS2769: No overload matches this call.
  Overload 1 of 2, '(...items: ConcatArray<{ text: string; onPress: () => void; }>[]): { text: string; onPress: () => void; }[]', gave the following error.
    Object literal may only specify known properties, and 'style' does not exist in type '{ text: string; onPress: () => void; }'.
  Overload 2 of 2, '(...items: ({ text: string; onPress: () => void; } | ConcatArray<{ text: string; onPress: () => void; }>)[]): { text: string; onPress: () => void; }[]', gave the following error.
    Object literal may only specify known properties, and 'style' does not exist in type '{ text: string; onPress: () => void; }'.
mobile/src/screens/maintenance/MaintenanceListScreen.tsx(994,33): error TS2339: Property 'id' does not exist on type 'never'.
mobile/src/screens/maintenance/MaintenanceListScreen.tsx(997,50): error TS2339: Property 'id' does not exist on type 'never'.
mobile/src/screens/maintenance/MaintenanceListScreen.tsx(1000,49): error TS2339: Property 'id' does not exist on type 'never'.
mobile/src/screens/maintenance/MaintenanceListScreen.tsx(1007,52): error TS2339: Property 'id' does not exist on type 'never'.
mobile/src/screens/maintenance/MaintenanceListScreen.tsx(1010,31): error TS2339: Property 'name' does not exist on type 'never'.
mobile/src/screens/maintenance/MaintenanceListScreen.tsx(1045,39): error TS2339: Property 'id' does not exist on type 'never'.
mobile/src/screens/maintenance/MaintenanceListScreen.tsx(1048,62): error TS2339: Property 'id' does not exist on type 'never'.
mobile/src/screens/maintenance/MaintenanceListScreen.tsx(1051,61): error TS2339: Property 'id' does not exist on type 'never'.
mobile/src/screens/maintenance/MaintenanceListScreen.tsx(1058,64): error TS2339: Property 'id' does not exist on type 'never'.
mobile/src/screens/maintenance/MaintenanceListScreen.tsx(1061,37): error TS2339: Property 'firstName' does not exist on type 'never'.
mobile/src/screens/maintenance/MaintenanceListScreen.tsx(1061,60): error TS2339: Property 'lastName' does not exist on type 'never'.
mobile/src/screens/maintenance/MaintenanceListScreen.tsx(1358,3): error TS1117: An object literal cannot have multiple properties with the same name.
mobile/src/screens/maintenance/MaintenanceListScreen.tsx(1436,3): error TS1117: An object literal cannot have multiple properties with the same name.
mobile/src/screens/maintenance/MaintenanceListScreen.tsx(1441,3): error TS1117: An object literal cannot have multiple properties with the same name.
mobile/src/screens/maintenance/MaintenanceListScreen.tsx(1449,3): error TS1117: An object literal cannot have multiple properties with the same name.
mobile/src/screens/maintenance/MaintenanceListScreen.tsx(1456,3): error TS1117: An object literal cannot have multiple properties with the same name.
mobile/src/theme/colors.ts(81,3): error TS1117: An object literal cannot have multiple properties with the same name.
mobile/src/theme/colors.ts(164,3): error TS1117: An object literal cannot have multiple properties with the same name.
